[dotenv@17.3.1] injecting env (4) from .env -- tip: ΓÜÖ∩╕Å  suppress all logs with { quiet: true }
≡ƒôª Project name from package.json: edcs-user-regression-testing
≡ƒô¥ onTestEnd called: Verify font consistency: Compare 'Sign in', placeholders, and copyright text - Status: failed
≡ƒô¥ onTestEnd called: Verify font consistency: Compare 'Sign in', placeholders, and copyright text - Status: failed
≡ƒöì Processing 1 test(s)
≡ƒôñ Sending Teams notification (attempt 1/3)...
≡ƒôì Webhook URL: https://informaticsholdingsint.webhook.office.com/webhookb2/...
Γ£à Teams notification sent successfully!
≡ƒôè Response status: 200 OK
